train_rcf/JPEGImages/13_000200.png train_rcf/gt/gt_ul/13_000200.png
train_rcf/JPEGImages/13_000400.png train_rcf/gt/gt_ul/13_000400.png
train_rcf/JPEGImages/13_000600.png train_rcf/gt/gt_ul/13_000600.png
train_rcf/JPEGImages/13_000800.png train_rcf/gt/gt_ul/13_000800.png
train_rcf/JPEGImages/13_001000.png train_rcf/gt/gt_ul/13_001000.png
train_rcf/JPEGImages/13_001200.png train_rcf/gt/gt_ul/13_001200.png
train_rcf/JPEGImages/13_001400.png train_rcf/gt/gt_ul/13_001400.png
train_rcf/JPEGImages/13_001600.png train_rcf/gt/gt_ul/13_001600.png
train_rcf/JPEGImages/13_001800.png train_rcf/gt/gt_ul/13_001800.png
train_rcf/JPEGImages/13_002000.png train_rcf/gt/gt_ul/13_002000.png
train_rcf/JPEGImages/13_002200.png train_rcf/gt/gt_ul/13_002200.png
train_rcf/JPEGImages/13_002400.png train_rcf/gt/gt_ul/13_002400.png
train_rcf/JPEGImages/13_002600.png train_rcf/gt/gt_ul/13_002600.png
train_rcf/JPEGImages/13_002800.png train_rcf/gt/gt_ul/13_002800.png
train_rcf/JPEGImages/13_003000.png train_rcf/gt/gt_ul/13_003000.png
train_rcf/JPEGImages/13_003200.png train_rcf/gt/gt_ul/13_003200.png
train_rcf/JPEGImages/14_000200.png train_rcf/gt/gt_ul/14_000200.png
train_rcf/JPEGImages/14_000400.png train_rcf/gt/gt_ul/14_000400.png
train_rcf/JPEGImages/14_000600.png train_rcf/gt/gt_ul/14_000600.png
train_rcf/JPEGImages/15_000200.png train_rcf/gt/gt_ul/15_000200.png
train_rcf/JPEGImages/15_000400.png train_rcf/gt/gt_ul/15_000400.png
train_rcf/JPEGImages/15_000600.png train_rcf/gt/gt_ul/15_000600.png
train_rcf/JPEGImages/15_000800.png train_rcf/gt/gt_ul/15_000800.png
train_rcf/JPEGImages/15_001000.png train_rcf/gt/gt_ul/15_001000.png
train_rcf/JPEGImages/15_001200.png train_rcf/gt/gt_ul/15_001200.png
train_rcf/JPEGImages/15_001400.png train_rcf/gt/gt_ul/15_001400.png
train_rcf/JPEGImages/15_001600.png train_rcf/gt/gt_ul/15_001600.png
train_rcf/JPEGImages/15_001800.png train_rcf/gt/gt_ul/15_001800.png
train_rcf/JPEGImages/16_000200.png train_rcf/gt/gt_ul/16_000200.png
train_rcf/JPEGImages/16_000400.png train_rcf/gt/gt_ul/16_000400.png
train_rcf/JPEGImages/16_000600.png train_rcf/gt/gt_ul/16_000600.png
train_rcf/JPEGImages/16_000800.png train_rcf/gt/gt_ul/16_000800.png
train_rcf/JPEGImages/16_001000.png train_rcf/gt/gt_ul/16_001000.png
train_rcf/JPEGImages/16_001200.png train_rcf/gt/gt_ul/16_001200.png
train_rcf/JPEGImages/16_001400.png train_rcf/gt/gt_ul/16_001400.png
train_rcf/JPEGImages/16_001600.png train_rcf/gt/gt_ul/16_001600.png
train_rcf/JPEGImages/17_000200.png train_rcf/gt/gt_ul/17_000200.png
train_rcf/JPEGImages/17_000400.png train_rcf/gt/gt_ul/17_000400.png
train_rcf/JPEGImages/18_000200.png train_rcf/gt/gt_ul/18_000200.png
train_rcf/JPEGImages/18_000400.png train_rcf/gt/gt_ul/18_000400.png
train_rcf/JPEGImages/18_000600.png train_rcf/gt/gt_ul/18_000600.png
train_rcf/JPEGImages/18_000800.png train_rcf/gt/gt_ul/18_000800.png
train_rcf/JPEGImages/18_001000.png train_rcf/gt/gt_ul/18_001000.png
train_rcf/JPEGImages/18_001200.png train_rcf/gt/gt_ul/18_001200.png
train_rcf/JPEGImages/18_001400.png train_rcf/gt/gt_ul/18_001400.png
train_rcf/JPEGImages/18_001600.png train_rcf/gt/gt_ul/18_001600.png
train_rcf/JPEGImages/18_001800.png train_rcf/gt/gt_ul/18_001800.png
train_rcf/JPEGImages/19_000200.png train_rcf/gt/gt_ul/19_000200.png
train_rcf/JPEGImages/19_000400.png train_rcf/gt/gt_ul/19_000400.png
train_rcf/JPEGImages/19_000600.png train_rcf/gt/gt_ul/19_000600.png
train_rcf/JPEGImages/19_000800.png train_rcf/gt/gt_ul/19_000800.png
train_rcf/JPEGImages/19_001000.png train_rcf/gt/gt_ul/19_001000.png
train_rcf/JPEGImages/19_001200.png train_rcf/gt/gt_ul/19_001200.png
train_rcf/JPEGImages/19_001400.png train_rcf/gt/gt_ul/19_001400.png
train_rcf/JPEGImages/19_001600.png train_rcf/gt/gt_ul/19_001600.png
train_rcf/JPEGImages/19_001800.png train_rcf/gt/gt_ul/19_001800.png
train_rcf/JPEGImages/19_002000.png train_rcf/gt/gt_ul/19_002000.png
train_rcf/JPEGImages/19_002200.png train_rcf/gt/gt_ul/19_002200.png
train_rcf/JPEGImages/19_002400.png train_rcf/gt/gt_ul/19_002400.png
train_rcf/JPEGImages/19_002600.png train_rcf/gt/gt_ul/19_002600.png
train_rcf/JPEGImages/19_002800.png train_rcf/gt/gt_ul/19_002800.png
train_rcf/JPEGImages/19_003000.png train_rcf/gt/gt_ul/19_003000.png
train_rcf/JPEGImages/19_003200.png train_rcf/gt/gt_ul/19_003200.png
train_rcf/JPEGImages/19_003400.png train_rcf/gt/gt_ul/19_003400.png
train_rcf/JPEGImages/19_003600.png train_rcf/gt/gt_ul/19_003600.png
train_rcf/JPEGImages/19_003800.png train_rcf/gt/gt_ul/19_003800.png
train_rcf/JPEGImages/19_004000.png train_rcf/gt/gt_ul/19_004000.png
train_rcf/JPEGImages/19_004400.png train_rcf/gt/gt_ul/19_004400.png
train_rcf/JPEGImages/19_004600.png train_rcf/gt/gt_ul/19_004600.png
train_rcf/JPEGImages/19_004800.png train_rcf/gt/gt_ul/19_004800.png
train_rcf/JPEGImages/20_000200.png train_rcf/gt/gt_ul/20_000200.png
train_rcf/JPEGImages/20_000400.png train_rcf/gt/gt_ul/20_000400.png
train_rcf/JPEGImages/20_000600.png train_rcf/gt/gt_ul/20_000600.png
train_rcf/JPEGImages/21_000800.png train_rcf/gt/gt_ul/21_000800.png
train_rcf/JPEGImages/21_001000.png train_rcf/gt/gt_ul/21_001000.png
train_rcf/JPEGImages/21_001200.png train_rcf/gt/gt_ul/21_001200.png
train_rcf/JPEGImages/21_001400.png train_rcf/gt/gt_ul/21_001400.png
train_rcf/JPEGImages/21_001600.png train_rcf/gt/gt_ul/21_001600.png
train_rcf/JPEGImages/21_001800.png train_rcf/gt/gt_ul/21_001800.png
train_rcf/JPEGImages/21_002000.png train_rcf/gt/gt_ul/21_002000.png
train_rcf/JPEGImages/21_002200.png train_rcf/gt/gt_ul/21_002200.png
train_rcf/JPEGImages/21_002400.png train_rcf/gt/gt_ul/21_002400.png
train_rcf/JPEGImages/21_002600.png train_rcf/gt/gt_ul/21_002600.png
